PH fixed_pkg NULL /home/sniu/lab/dwt/devl/fir/../../../../../../tools/Xilinx/14.5/ISE_DS/ISE/vhdl/src/ieee_proposed/fixed_pkg_c.vhd sub00/vhpl01 1366985182
PH fixed_float_types NULL /home/sniu/lab/dwt/devl/fir/../../../../../../tools/Xilinx/14.5/ISE_DS/ISE/vhdl/src/ieee_proposed/fixed_float_types_c.vhd sub00/vhpl00 1366985181
